[    0.000000] Linux version 4.15.0-212-generic (buildd@lcy02-amd64-083) (gcc version 7.5.0 (Ubuntu 7.5.0-3ubuntu1~18.04)) #223-Ubuntu SMP Tue May 23 13:09:22 UTC 2023 (Ubuntu 4.15.0-212.223-generic 4.15.18)
[    0.000000] Command line: BOOT_IMAGE=/boot/vmlinuz-4.15.0-212-generic root=UUID=d733b143-dffd-45ac-b6a6-51fd97f3afd8 ro console=tty1 console=ttyS0
[    0.000000] KERNEL supported cpus:
[    0.000000]   Intel GenuineIntel
[    0.000000]   AMD AuthenticAMD
[    0.000000]   Centaur CentaurHauls
[    0.000000] x86/fpu: Supporting XSAVE feature 0x001: 'x87 floating point registers'
[    0.000000] x86/fpu: Supporting XSAVE feature 0x002: 'SSE registers'
[    0.000000] x86/fpu: Supporting XSAVE feature 0x004: 'AVX registers'
[    0.000000] x86/fpu: xstate_offset[2]:  576, xstate_sizes[2]:  256
[    0.000000] x86/fpu: Enabled xstate features 0x7, context size is 832 bytes, using 'standard' format.
[    0.000000] e820: BIOS-provided physical RAM map:
[    0.000000] BIOS-e820: [mem 0x0000000000000000-0x000000000009fbff] usable
[    0.000000] BIOS-e820: [mem 0x000000000009fc00-0x000000000009ffff] reserved
[    0.000000] BIOS-e820: [mem 0x00000000000f0000-0x00000000000fffff] reserved
[    0.000000] BIOS-e820: [mem 0x0000000000100000-0x00000000dffeffff] usable
[    0.000000] BIOS-e820: [mem 0x00000000dfff0000-0x00000000dfffffff] ACPI data
[    0.000000] BIOS-e820: [mem 0x00000000fec00000-0x00000000fec00fff] reserved
[    0.000000] BIOS-e820: [mem 0x00000000fee00000-0x00000000fee00fff] reserved
[    0.000000] BIOS-e820: [mem 0x00000000fffc0000-0x00000000ffffffff] reserved
[    0.000000] BIOS-e820: [mem 0x0000000100000000-0x000000011fffffff] usable
[    0.000000] NX (Execute Disable) protection: active
[    0.000000] SMBIOS 2.5 present.
[    0.000000] DMI: innotek GmbH VirtualBox/VirtualBox, BIOS VirtualBox 12/01/2006
[    0.000000] Hypervisor detected: KVM
[    0.000000] e820: last_pfn = 0x120000 max_arch_pfn = 0x400000000
[    0.000000] MTRR: Disabled
[    0.000000] x86/PAT: MTRRs disabled, skipping PAT initialization too.
[    0.000000] CPU MTRRs all blank - virtualized system.
[    0.000000] x86/PAT: Configuration [0-7]: WB  WT  UC- UC  WB  WT  UC- UC  
[    0.000000] e820: last_pfn = 0xdfff0 max_arch_pfn = 0x400000000
[    0.000000] found SMP MP-table at [mem 0x0009fff0-0x0009ffff]
[    0.000000] Scanning 1 areas for low memory corruption
[    0.000000] RAMDISK: [mem 0x30799000-0x343c3fff]
[    0.000000] ACPI: Early table checksum verification disabled
[    0.000000] ACPI: RSDP 0x00000000000E0000 000024 (v02 VBOX  )
[    0.000000] ACPI: XSDT 0x00000000DFFF0030 00003C (v01 VBOX   VBOXXSDT 00000001 ASL  00000061)
[    0.000000] ACPI: FACP 0x00000000DFFF00F0 0000F4 (v04 VBOX   VBOXFACP 00000001 ASL  00000061)
[    0.000000] ACPI: DSDT 0x00000000DFFF0610 002353 (v02 VBOX   VBOXBIOS 00000002 INTL 20210930)
[    0.000000] ACPI: FACS 0x00000000DFFF0200 000040
[    0.000000] ACPI: FACS 0x00000000DFFF0200 000040
[    0.000000] ACPI: APIC 0x00000000DFFF0240 00005C (v02 VBOX   VBOXAPIC 00000001 ASL  00000061)
[    0.000000] ACPI: SSDT 0x00000000DFFF02A0 00036C (v01 VBOX   VBOXCPUT 00000002 INTL 20210930)
[    0.000000] ACPI: Reserving FACP table memory at [mem 0xdfff00f0-0xdfff01e3]
[    0.000000] ACPI: Reserving DSDT table memory at [mem 0xdfff0610-0xdfff2962]
[    0.000000] ACPI: Reserving FACS table memory at [mem 0xdfff0200-0xdfff023f]
[    0.000000] ACPI: Reserving FACS table memory at [mem 0xdfff0200-0xdfff023f]
[    0.000000] ACPI: Reserving APIC table memory at [mem 0xdfff0240-0xdfff029b]
[    0.000000] ACPI: Reserving SSDT table memory at [mem 0xdfff02a0-0xdfff060b]
[    0.000000] No NUMA configuration found
[    0.000000] Faking a node at [mem 0x0000000000000000-0x000000011fffffff]
[    0.000000] NODE_DATA(0) allocated [mem 0x11ffd1000-0x11fffbfff]
[    0.000000] kvm-clock: cpu 0, msr 1:1ff50001, primary cpu clock
[    0.000000] kvm-clock: Using msrs 4b564d01 and 4b564d00
[    0.000000] kvm-clock: using sched offset of 4012810118 cycles
[    0.000000] clocksource: kvm-clock: mask: 0xffffffffffffffff max_cycles: 0x1cd42e4dffb, max_idle_ns: 881590591483 ns
[    0.000000] Zone ranges:
[    0.000000]   DMA      [mem 0x0000000000001000-0x0000000000ffffff]
[    0.000000]   DMA32    [mem 0x0000000001000000-0x00000000ffffffff]
[    0.000000]   Normal   [mem 0x0000000100000000-0x000000011fffffff]
[    0.000000]   Device   empty
[    0.000000] Movable zone start for each node
[    0.000000] Early memory node ranges
[    0.000000]   node   0: [mem 0x0000000000001000-0x000000000009efff]
[    0.000000]   node   0: [mem 0x0000000000100000-0x00000000dffeffff]
[    0.000000]   node   0: [mem 0x0000000100000000-0x000000011fffffff]
[    0.000000] Reserved but unavailable: 104 pages
[    0.000000] Initmem setup node 0 [mem 0x0000000000001000-0x000000011fffffff]
[    0.000000] ACPI: PM-Timer IO Port: 0x4008
[    0.000000] IOAPIC[0]: apic_id 2, version 32, address 0xfec00000, GSI 0-23
[    0.000000] ACPI: INT_SRC_OVR (bus 0 bus_irq 0 global_irq 2 dfl dfl)
[    0.000000] ACPI: INT_SRC_OVR (bus 0 bus_irq 9 global_irq 9 low level)
[    0.000000] Using ACPI (MADT) for SMP configuration information
[    0.000000] smpboot: Allowing 2 CPUs, 0 hotplug CPUs
[    0.000000] PM: Registered nosave memory: [mem 0x00000000-0x00000fff]
[    0.000000] PM: Registered nosave memory: [mem 0x0009f000-0x0009ffff]
[    0.000000] PM: Registered nosave memory: [mem 0x000a0000-0x000effff]
[    0.000000] PM: Registered nosave memory: [mem 0x000f0000-0x000fffff]
[    0.000000] PM: Registered nosave memory: [mem 0xdfff0000-0xdfffffff]
[    0.000000] PM: Registered nosave memory: [mem 0xe0000000-0xfebfffff]
[    0.000000] PM: Registered nosave memory: [mem 0xfec00000-0xfec00fff]
[    0.000000] PM: Registered nosave memory: [mem 0xfec01000-0xfedfffff]
[    0.000000] PM: Registered nosave memory: [mem 0xfee00000-0xfee00fff]
[    0.000000] PM: Registered nosave memory: [mem 0xfee01000-0xfffbffff]
[    0.000000] PM: Registered nosave memory: [mem 0xfffc0000-0xffffffff]
[    0.000000] e820: [mem 0xe0000000-0xfebfffff] available for PCI devices
[    0.000000] Booting paravirtualized kernel on KVM
[    0.000000] clocksource: refined-jiffies: mask: 0xffffffff max_cycles: 0xffffffff, max_idle_ns: 7645519600211568 ns
[    0.000000] setup_percpu: NR_CPUS:8192 nr_cpumask_bits:2 nr_cpu_ids:2 nr_node_ids:1
[    0.000000] percpu: Embedded 50 pages/cpu s167936 r8192 d28672 u1048576
[    0.000000] PV qspinlock hash table entries: 256 (order: 0, 4096 bytes)
[    0.000000] Built 1 zonelists, mobility grouping on.  Total pages: 1032057
[    0.000000] Policy zone: Normal
[    0.000000] Kernel command line: BOOT_IMAGE=/boot/vmlinuz-4.15.0-212-generic root=UUID=d733b143-dffd-45ac-b6a6-51fd97f3afd8 ro console=tty1 console=ttyS0
[    0.000000] Memory: 3971168K/4193848K available (12300K kernel code, 2477K rwdata, 4324K rodata, 2480K init, 2720K bss, 222680K reserved, 0K cma-reserved)
[    0.000000] SLUB: HWalign=64, Order=0-3, MinObjects=0, CPUs=2, Nodes=1
[    0.000000] Kernel/User page tables isolation: enabled
[    0.000000] ftrace: allocating 39508 entries in 155 pages
[    0.004000] Hierarchical RCU implementation.
[    0.004000] 	RCU restricting CPUs from NR_CPUS=8192 to nr_cpu_ids=2.
[    0.004000] 	Tasks RCU enabled.
[    0.004000] RCU: Adjusting geometry for rcu_fanout_leaf=16, nr_cpu_ids=2
[    0.004000] NR_IRQS: 524544, nr_irqs: 440, preallocated irqs: 16
[    0.004000] random: crng init done
[    0.004000] Console: colour VGA+ 80x25
[    0.004000] console [tty1] enabled
[    0.004000] console [ttyS0] enabled
[    0.004000] ACPI: Core revision 20170831
[    0.004000] ACPI: 2 ACPI AML tables successfully acquired and loaded
[    0.004000] APIC: Switch to symmetric I/O mode setup
[    0.005336] x2apic enabled
[    0.008020] Switched APIC routing to physical x2apic.
[    0.016000] ..TIMER: vector=0x30 apic1=0 pin1=2 apic2=-1 pin2=-1
[    0.016002] tsc: Detected 3189.908 MHz processor
[    0.020010] Calibrating delay loop (skipped) preset value.. 6379.81 BogoMIPS (lpj=12759632)
[    0.024002] pid_max: default: 32768 minimum: 301
[    0.028040] Security Framework initialized
[    0.032002] Yama: becoming mindful.
[    0.034641] AppArmor: AppArmor initialized
[    0.044085] Dentry cache hash table entries: 524288 (order: 10, 4194304 bytes)
[    0.050868] Inode-cache hash table entries: 262144 (order: 9, 2097152 bytes)
[    0.052101] Mount-cache hash table entries: 8192 (order: 4, 65536 bytes)
[    0.056089] Mountpoint-cache hash table entries: 8192 (order: 4, 65536 bytes)
[    0.061525] Last level iTLB entries: 4KB 64, 2MB 8, 4MB 8
[    0.064002] Last level dTLB entries: 4KB 64, 2MB 0, 4MB 0, 1GB 4
[    0.068019] Spectre V1 : Mitigation: usercopy/swapgs barriers and __user pointer sanitization
[    0.072004] Spectre V2 : Mitigation: Retpolines
[    0.075291] Spectre V2 : Spectre v2 / SpectreRSB mitigation: Filling RSB on context switch
[    0.076002] Spectre V2 : Spectre v2 / SpectreRSB : Filling RSB on VMEXIT
[    0.080001] RETBleed: WARNING: Spectre v2 mitigation leaves CPU vulnerable to RETBleed attacks, data leaks possible!
[    0.084001] RETBleed: Vulnerable
[    0.086310] Speculative Store Bypass: Vulnerable
[    0.088108] MDS: Mitigation: Clear CPU buffers
[    0.092001] MMIO Stale Data: Mitigation: Clear CPU buffers
[    0.096177] Freeing SMP alternatives memory: 36K
[    0.212268] smpboot: CPU0: Intel(R) Xeon(R) W-2140B CPU @ 3.20GHz (family: 0x6, model: 0x55, stepping: 0x4)
[    0.216205] Performance Events: unsupported p6 CPU model 85 no PMU driver, software events only.
[    0.220068] Hierarchical SRCU implementation.
[    0.224447] NMI watchdog: Perf event create on CPU 0 failed with -2
[    0.228002] NMI watchdog: Perf NMI watchdog permanently disabled
[    0.232138] smp: Bringing up secondary CPUs ...
[    0.236346] x86: Booting SMP configuration:
[    0.239439] .... node  #0, CPUs:      #1
[    0.004000] kvm-clock: cpu 1, msr 1:1ff50041, secondary cpu clock
[    0.244058] smp: Brought up 1 node, 2 CPUs
[    0.247052] smpboot: Max logical packages: 1
[    0.248004] smpboot: Total of 2 processors activated (12759.63 BogoMIPS)
[    0.252281] devtmpfs: initialized
[    0.256063] x86/mm: Memory block size: 128MB
[    0.260502] evm: security.selinux
[    0.263125] evm: security.SMACK64
[    0.264004] evm: security.SMACK64EXEC
[    0.266746] evm: security.SMACK64TRANSMUTE
[    0.268003] evm: security.SMACK64MMAP
[    0.272001] evm: security.apparmor
[    0.276001] evm: security.ima
[    0.280001] evm: security.capability
[    0.284031] clocksource: jiffies: mask: 0xffffffff max_cycles: 0xffffffff, max_idle_ns: 7645041785100000 ns
[    0.288007] futex hash table entries: 512 (order: 3, 32768 bytes)
[    0.292083] pinctrl core: initialized pinctrl subsystem
[    0.296389] RTC time:  8:11:11, date: 06/21/23
[    0.300372] NET: Registered protocol family 16
[    0.304074] audit: initializing netlink subsys (disabled)
[    0.308073] audit: type=2000 audit(1687335076.005:1): state=initialized audit_enabled=0 res=1
[    0.312005] cpuidle: using governor ladder
[    0.315057] cpuidle: using governor menu
[    0.316046] ACPI: bus type PCI registered
[    0.320003] acpiphp: ACPI Hot Plug PCI Controller Driver version: 0.5
[    0.324372] PCI: Using configuration type 1 for base access
[    0.329163] HugeTLB registered 2.00 MiB page size, pre-allocated 0 pages
[    0.332154] ACPI: Added _OSI(Module Device)
[    0.336003] ACPI: Added _OSI(Processor Device)
[    0.340002] ACPI: Added _OSI(3.0 _SCP Extensions)
[    0.344002] ACPI: Added _OSI(Processor Aggregator Device)
[    0.348002] ACPI: Added _OSI(Linux-Dell-Video)
[    0.352002] ACPI: Added _OSI(Linux-Lenovo-NV-HDMI-Audio)
[    0.356002] ACPI: Added _OSI(Linux-HPI-Hybrid-Graphics)
[    0.360716] ACPI: Executed 1 blocks of module-level executable AML code
[    0.367535] ACPI: Interpreter enabled
[    0.368011] ACPI: (supports S0 S5)
[    0.372002] ACPI: Using IOAPIC for interrupt routing
[    0.376375] PCI: Using host bridge windows from ACPI; if necessary, use "pci=nocrs" and report a bug
[    0.380244] ACPI: Enabled 2 GPEs in block 00 to 07
[    0.396000] ACPI: PCI Root Bridge [PCI0] (domain 0000 [bus 00-ff])
[    0.396006] acpi PNP0A03:00: _OSC: OS supports [ASPM ClockPM Segments MSI]
[    0.400727] acpi PNP0A03:00: _OSC: not requesting OS control; OS requires [ExtendedConfig ASPM ClockPM MSI]
[    0.404009] acpi PNP0A03:00: fail to add MMCONFIG information, can't access extended PCI configuration space under this bridge.
[    0.408683] PCI host bridge to bus 0000:00
[    0.411806] pci_bus 0000:00: root bus resource [io  0x0000-0x0cf7 window]
[    0.412003] pci_bus 0000:00: root bus resource [io  0x0d00-0xffff window]
[    0.416003] pci_bus 0000:00: root bus resource [mem 0x000a0000-0x000bffff window]
[    0.420002] pci_bus 0000:00: root bus resource [mem 0xe0000000-0xfdffffff window]
[    0.424002] pci_bus 0000:00: root bus resource [bus 00-ff]
[    0.434872] pci 0000:00:01.1: legacy IDE quirk: reg 0x10: [io  0x01f0-0x01f7]
[    0.436002] pci 0000:00:01.1: legacy IDE quirk: reg 0x14: [io  0x03f6]
[    0.440002] pci 0000:00:01.1: legacy IDE quirk: reg 0x18: [io  0x0170-0x0177]
[    0.444003] pci 0000:00:01.1: legacy IDE quirk: reg 0x1c: [io  0x0376]
[    0.514320] pci 0000:00:07.0: quirk: [io  0x4000-0x403f] claimed by PIIX4 ACPI
[    0.516037] pci 0000:00:07.0: quirk: [io  0x4100-0x410f] claimed by PIIX4 SMB
[    0.537252] ACPI: PCI Interrupt Link [LNKA] (IRQs 5 9 10 *11)
[    0.540512] ACPI: PCI Interrupt Link [LNKB] (IRQs 5 9 *10 11)
[    0.544199] ACPI: PCI Interrupt Link [LNKC] (IRQs 5 *9 10 11)
[    0.548192] ACPI: PCI Interrupt Link [LNKD] (IRQs 5 9 10 *11)
[    0.556414] SCSI subsystem initialized
[    0.559335] pci 0000:00:02.0: vgaarb: setting as boot VGA device
[    0.560000] pci 0000:00:02.0: vgaarb: VGA device added: decodes=io+mem,owns=io+mem,locks=none
[    0.560031] pci 0000:00:02.0: vgaarb: bridge control possible
[    0.564002] vgaarb: loaded
[    0.568036] ACPI: bus type USB registered
[    0.571030] usbcore: registered new interface driver usbfs
[    0.572016] usbcore: registered new interface driver hub
[    0.576014] usbcore: registered new device driver usb
[    0.580084] EDAC MC: Ver: 3.0.0
[    0.584702] PCI: Using ACPI for IRQ routing
[    0.588695] NetLabel: Initializing
[    0.592002] NetLabel:  domain hash size = 128
[    0.595185] NetLabel:  protocols = UNLABELED CIPSOv4 CALIPSO
[    0.596014] NetLabel:  unlabeled traffic allowed by default
[    0.601193] clocksource: Switched to clocksource kvm-clock
[    0.622779] VFS: Disk quotas dquot_6.6.0
[    0.625949] VFS: Dquot-cache hash table entries: 512 (order 0, 4096 bytes)
[    0.631033] AppArmor: AppArmor Filesystem Enabled
[    0.634589] pnp: PnP ACPI init
[    0.638731] pnp: PnP ACPI: found 3 devices
[    0.658808] clocksource: acpi_pm: mask: 0xffffff max_cycles: 0xffffff, max_idle_ns: 2085701024 ns
[    0.665123] NET: Registered protocol family 2
[    0.669180] IP idents hash table entries: 65536 (order: 7, 524288 bytes)
[    0.674561] TCP established hash table entries: 32768 (order: 6, 262144 bytes)
[    0.680103] TCP bind hash table entries: 32768 (order: 7, 524288 bytes)
[    0.685440] TCP: Hash tables configured (established 32768 bind 32768)
[    0.690298] UDP hash table entries: 2048 (order: 4, 65536 bytes)
[    0.694714] UDP-Lite hash table entries: 2048 (order: 4, 65536 bytes)
[    0.699491] NET: Registered protocol family 1
[    0.702777] pci 0000:00:00.0: Limiting direct PCI/PCI transfers
[    0.707137] pci 0000:00:01.0: Activating ISA DMA hang workarounds
[    0.711689] pci 0000:00:02.0: Video device with shadowed ROM at [mem 0x000c0000-0x000dffff]
[    0.717847] Unpacking initramfs...
[    1.554724] Freeing initrd memory: 61612K
[    1.557962] PCI-DMA: Using software bounce buffering for IO (SWIOTLB)
[    1.562526] software IO TLB: mapped [mem 0xdbff0000-0xdfff0000] (64MB)
[    1.567218] clocksource: tsc: mask: 0xffffffffffffffff max_cycles: 0x2dfb0c7a7d0, max_idle_ns: 440795264905 ns
[    1.574159] platform rtc_cmos: registered platform RTC device (no PNP device found)
[    1.579654] Scanning for low memory corruption every 60 seconds
[    1.584788] Initialise system trusted keyrings
[    1.588048] Key type blacklist registered
[    1.591270] workingset: timestamp_bits=36 max_order=20 bucket_order=0
[    1.597091] zbud: loaded
[    1.599771] squashfs: version 4.0 (2009/01/31) Phillip Lougher
[    1.604341] fuse init (API version 7.26)
[    1.613021] Key type asymmetric registered
[    1.616144] Asymmetric key parser 'x509' registered
[    1.619654] Block layer SCSI generic (bsg) driver version 0.4 loaded (major 246)
[    1.625065] io scheduler noop registered
[    1.628025] io scheduler deadline registered
[    1.631293] io scheduler cfq registered (default)
[    1.635211] ACPI: AC Adapter [AC] (on-line)
[    1.638510] input: Power Button as /devices/LNXSYSTM:00/LNXPWRBN:00/input/input0
[    1.644087] ACPI: Power Button [PWRF]
[    1.647000] input: Sleep Button as /devices/LNXSYSTM:00/LNXSLPBN:00/input/input1
[    1.652381] ACPI: Sleep Button [SLPF]
[    1.655686] Serial: 8250/16550 driver, 32 ports, IRQ sharing enabled
[    1.687183] 00:02: ttyS0 at I/O 0x3f8 (irq = 4, base_baud = 115200) is a 16550A
[    1.694163] Linux agpgart interface v0.103
[    1.700155] loop: module loaded
[    1.704505] scsi host0: ata_piix
[    1.707396] scsi host1: ata_piix
[    1.710079] ata1: PATA max UDMA/33 cmd 0x1f0 ctl 0x3f6 bmdma 0xd000 irq 14
[    1.714988] ata2: PATA max UDMA/33 cmd 0x170 ctl 0x376 bmdma 0xd008 irq 15
[    1.720180] tun: Universal TUN/TAP device driver, 1.6
[    1.724257] PPP generic driver version 2.4.2
[    1.727665] ehci_hcd: USB 2.0 'Enhanced' Host Controller (EHCI) Driver
[    1.732359] ehci-pci: EHCI PCI platform driver
[    1.735679] ehci-platform: EHCI generic platform driver
[    1.739541] ohci_hcd: USB 1.1 'Open' Host Controller (OHCI) Driver
[    1.744032] ohci-pci: OHCI PCI platform driver
[    1.747358] ohci-platform: OHCI generic platform driver
[    1.751311] uhci_hcd: USB Universal Host Controller Interface driver
[    1.756089] i8042: PNP: PS/2 Controller [PNP0303:PS2K,PNP0f03:PS2M] at 0x60,0x64 irq 1,12
[    1.764357] serio: i8042 KBD port at 0x60,0x64 irq 1
[    1.768058] serio: i8042 AUX port at 0x60,0x64 irq 12
[    1.772141] mousedev: PS/2 mouse device common for all mice
[    1.778449] rtc_cmos rtc_cmos: rtc core: registered rtc_cmos as rtc0
[    1.783364] input: AT Translated Set 2 keyboard as /devices/platform/i8042/serio0/input/input2
[    1.788795] rtc_cmos rtc_cmos: alarms up to one day, 114 bytes nvram
[    1.792486] i2c /dev entries driver
[    1.792486] device-mapper: uevent: version 1.0.3
[    1.800992] device-mapper: ioctl: 4.37.0-ioctl (2017-09-20) initialised: dm-devel@redhat.com
[    1.807277] ledtrig-cpu: registered to indicate activity on CPUs
[    1.813032] NET: Registered protocol family 10
[    1.822289] Segment Routing with IPv6
[    1.825286] NET: Registered protocol family 17
[    1.829037] Key type dns_resolver registered
[    1.832906] mce: Using 0 MCE banks
[    1.835759] RAS: Correctable Errors collector initialized.
[    1.840132] sched_clock: Marking stable (1840036977, 0)->(2608786849, -768749872)
[    1.847519] registered taskstats version 1
[    1.850983] Loading compiled-in X.509 certificates
[    1.858090] Loaded X.509 cert 'Build time autogenerated kernel key: b5b26778eaa3ab3a4a6cee031137706e947d12ad'
[    1.865732] Loaded X.509 cert 'Canonical Ltd. Live Patch Signing: 14df34d1a87cf37625abec039ef2bf521249b969'
[    1.873307] Loaded X.509 cert 'Canonical Ltd. Kernel Module Signing: 88f752e560a1e0737e31163a466ad7b70a850c19'
[    1.880744] blacklist: Loading compiled-in revocation X.509 certificates
[    1.889023] Loaded X.509 cert 'Canonical Ltd. Secure Boot Signing: 61482aa2830d0ab2ad5af10b7250da9033ddcef0'
[    1.896659] Loaded X.509 cert 'Canonical Ltd. Secure Boot Signing (2017): 242ade75ac4a15e50d50c84b0d45ff3eae707a03'
[    1.904738] Loaded X.509 cert 'Canonical Ltd. Secure Boot Signing (ESM 2018): 365188c1d374d6b07c3c8f240f8ef722433d6a8b'
[    1.913138] Loaded X.509 cert 'Canonical Ltd. Secure Boot Signing (2019): c0746fd6c5da3ae827864651ad66ae47fe24b3e8'
[    1.921289] Loaded X.509 cert 'Canonical Ltd. Secure Boot Signing (2021 v1): a8d54bbb3825cfb94fa13c9f8a594a195c107b8d'
[    1.929550] Loaded X.509 cert 'Canonical Ltd. Secure Boot Signing (2021 v2): 4cf046892d6fd3c9a5b03f98d845f90851dc6a8c'
[    1.937719] Loaded X.509 cert 'Canonical Ltd. Secure Boot Signing (2021 v3): 100437bb6de6e469b581e61cd66bce3ef4ed53af'
[    1.946088] Loaded X.509 cert 'Canonical Ltd. Secure Boot Signing (Ubuntu Core 2019): c1d57b8f6b743f23ee41f4f7ee292f06eecadfb9'
[    1.954229] zswap: loaded using pool lzo/zbud
[    1.963789] Key type big_key registered
[    1.966796] Key type trusted registered
[    1.972371] Key type encrypted registered
[    1.975450] AppArmor: AppArmor sha1 policy hashing enabled
[    1.979483] ima: No TPM chip found, activating TPM-bypass! (rc=-19)
[    1.984068] ima: Allocated hash algorithm: sha1
[    1.987484] evm: HMAC attrs: 0x1
[    1.990674]   Magic number: 11:42:170
[    1.993911] rtc_cmos rtc_cmos: setting system clock to 2023-06-21 08:11:12 UTC (1687335072)
[    2.000242] BIOS EDD facility v0.16 2004-Jun-25, 0 devices found
[    2.004592] EDD information not available.
[    2.011143] Freeing unused kernel image memory: 2480K
[    2.029031] Write protecting the kernel read-only data: 20480k
[    2.033843] Freeing unused kernel image memory: 2008K
[    2.037861] Freeing unused kernel image memory: 1820K
[    2.047067] x86/mm: Checked W+X mappings: passed, no W+X pages found.
[    2.051765] x86/mm: Checking user space page tables
[    2.060665] x86/mm: Checked W+X mappings: passed, no W+X pages found.
Loading, please wait...
starting version 237
[    2.136780] e1000: Intel(R) PRO/1000 Network Driver - version 7.3.21-k8-NAPI
[    2.142186] e1000: Copyright (c) 1999-2006 Intel Corporation.
[    2.153112] ACPI: Video Device [GFX0] (multi-head: yes  rom: no  post: no)
[    2.158985] input: Video Bus as /devices/LNXSYSTM:00/LNXSYBUS:00/PNP0A03:00/LNXVIDEO:00/input/input4
[    2.167771] Fusion MPT base driver 3.04.20
[    2.171057] Copyright (c) 1999-2008 LSI Corporation
[    2.177336] Fusion MPT SPI Host driver 3.04.20
[    2.198172] AVX2 version of gcm_enc/dec engaged.
[    2.202258] AES CTR mode by8 optimization enabled
[    2.400885] input: ImExPS/2 Generic Explorer Mouse as /devices/platform/i8042/serio1/input/input5
[    2.691293] e1000 0000:00:03.0 eth0: (PCI:33MHz:32-bit) 02:be:82:6b:cc:1d
[    2.696482] e1000 0000:00:03.0 eth0: Intel(R) PRO/1000 Network Connection
[    2.701924] piix4_smbus 0000:00:07.0: SMBus Host Controller at 0x4100, revision 0
[    2.709923] e1000 0000:00:03.0 enp0s3: renamed from eth0
[    2.712609] mptbase: ioc0: Initiating bringup
[    2.834141] ioc0: LSI53C1030 A0: Capabilities={Initiator}
[    3.080419] scsi host2: ioc0: LSI53C1030 A0, FwRev=00000000h, Ports=1, MaxQ=256, IRQ=20
[    3.253418] scsi 2:0:0:0: Direct-Access     VBOX     HARDDISK         1.0  PQ: 0 ANSI: 5
[    3.280111] scsi target2:0:0: Beginning Domain Validation
[    3.287922] scsi target2:0:0: Domain Validation skipping write tests
[    3.292655] scsi target2:0:0: Ending Domain Validation
[    3.296736] scsi target2:0:0: asynchronous
[    3.301230] scsi 2:0:1:0: Direct-Access     VBOX     HARDDISK         1.0  PQ: 0 ANSI: 5
[    3.332591] scsi target2:0:1: Beginning Domain Validation
[    3.340405] scsi target2:0:1: Domain Validation skipping write tests
[    3.345012] scsi target2:0:1: Ending Domain Validation
[    3.349102] scsi target2:0:1: asynchronous
[    3.359467] sd 2:0:0:0: Attached scsi generic sg0 type 0
[    3.364285] sd 2:0:0:0: [sda] 83886080 512-byte logical blocks: (42.9 GB/40.0 GiB)
[    3.369811] sd 2:0:1:0: Attached scsi generic sg1 type 0
[    3.374199] sd 2:0:0:0: [sda] Write Protect is off
[    3.378196] sd 2:0:1:0: [sdb] 20480 512-byte logical blocks: (10.5 MB/10.0 MiB)
[    3.383781] sd 2:0:1:0: [sdb] Write Protect is off
[    3.387667] sd 2:0:0:0: [sda] Incomplete mode parameter data
[    3.391947] sd 2:0:0:0: [sda] Assuming drive cache: write through
[    3.397040] sd 2:0:1:0: [sdb] Incomplete mode parameter data
[    3.401349] sd 2:0:1:0: [sdb] Assuming drive cache: write through
[    3.408886]  sda: sda1
[    3.411462] sd 2:0:1:0: [sdb] Attached SCSI disk
[    3.416594] sd 2:0:0:0: [sda] Attached SCSI disk
Begin: Loading essential drivers ... [    5.491824] raid6: sse2x1   gen() 28667 MB/s
[    5.632222] raid6: sse2x1   xor() 27468 MB/s
[    5.792302] raid6: sse2x2   gen() 49991 MB/s
[    5.892337] raid6: sse2x2   xor() 23440 MB/s
[    6.098230] raid6: sse2x4   gen() 84727 MB/s
[    7.005188] raid6: sse2x4   xor() 233559 MB/s
[    7.197413] raid6: avx2x1   gen() 25381 MB/s
[    7.348176] raid6: avx2x1   xor() 43742 MB/s
[    7.792446] raid6: avx2x2   gen() 317312 MB/s
[    8.009442] raid6: avx2x2   xor() 66533 MB/s
[    8.155821] raid6: avx2x4   gen() 116442 MB/s
[    8.248457] raid6: avx2x4   xor() 40213 MB/s
[    8.251890] raid6: using algorithm avx2x2 gen() 317312 MB/s
[    8.257006] raid6: .... xor() 66533 MB/s, rmw enabled
[    8.261753] raid6: using avx2x2 recovery algorithm
[    8.269022] xor: automatically using best checksumming function   avx       
[    8.276762] async_tx: api initialized (async)
done.
Begin: Running /scripts/init-premount ... done.
Begin: Mounting root file system ... Begin: Running /scripts/local-top ... done.
Begin: Running /scripts/local-premount ... [    8.365947] Btrfs loaded, crc32c=crc32c-intel
Scanning for Btrfs filesystems
done.
Begin: Will now check root file system ... fsck from util-linux 2.31.1
[/sbin/fsck.ext4 (1) -- /dev/sda1] fsck.ext4 -a -C0 /dev/sda1 
cloudimg-rootfs: recovering journal
cloudimg-rootfs: Clearing orphaned inode 256434 (uid=112, gid=117, mode=0100644, size=134447)
cloudimg-rootfs: clean, 93013/5120000 files, 1276970/10485499 blocks
done.
[    8.478495] EXT4-fs (sda1): mounted filesystem with ordered data mode. Opts: (null)
done.
Begin: Running /scripts/local-bottom ... done.
Begin: Running /scripts/init-bottom ... done.
[    8.718435] ip_tables: (C) 2000-2006 Netfilter Core Team
[    8.734530] systemd[1]: systemd 237 running in system mode. (+PAM +AUDIT +SELINUX +IMA +APPARMOR +SMACK +SYSVINIT +UTMP +LIBCRYPTSETUP +GCRYPT +GNUTLS +ACL +XZ +LZ4 +SECCOMP +BLKID +ELFUTILS +KMOD -IDN2 +IDN -PCRE2 default-hierarchy=hybrid)
[    8.748877] systemd[1]: Detected virtualization oracle.
[    8.752754] systemd[1]: Detected architecture x86-64.

Welcome to [1mUbuntu 18.04.6 LTS[0m!

[    8.778240] systemd[1]: Set hostname to <ubuntu-xenial>.
[    9.065499] systemd[1]: Reached target User and Group Name Lookups.
[[0;32m  OK  [0m] Reached target User and Group Name Lookups.
[    9.071878] systemd[1]: Reached target Mounting snaps.
[[0;32m  OK  [0m] Reached target Mounting snaps.
[    9.077100] systemd[1]: Reached target Swap.
[[0;32m  OK  [0m] Reached target Swap.
[    9.081566] systemd[1]: Reached target System Time Synchronized.
[[0;32m  OK  [0m] Reached target System Time Synchronized.
[    9.087700] systemd[1]: Set up automount Arbitrary Executable File Formats File System Automount Point.
[[0;32m  OK  [0m] Set up automount Arbitrary Executabâ€¦rmats File System Automount Point.
[    9.096684] systemd[1]: Started Forward Password Requests to Wall Directory Watch.
[[0;32m  OK  [0m] Started Forward Password Requests to Wall Directory Watch.
[[0;32m  OK  [0m] Created slice System Slice.
[[0;32m  OK  [0m] Listening on LVM2 poll daemon socket.
[[0;32m  OK  [0m] Listening on udev Control Socket.
[[0;32m  OK  [0m] Listening on Journal Socket.
[[0;32m  OK  [0m] Listening on Journal Audit Socket.
         Starting Load Kernel Modules...
[[0;32m  OK  [0m] Listening on Journal Socket (/dev/log).
[[0;32m  OK  [0m] Listening on Syslog Socket.
         Mounting Huge Pages File System...
[[0;32m  OK  [0m] Listening on LVM2 metadata daemon socket.
         Starting Set the console keyboard layout...
[[0;32m  OK  [0m] Listening on fsck to fsckd communication Socket.
         Starting Remount Root and Kernel File Systems...
         Mounting POSIX Message Queue File System...
[[0;32m  OK  [0m] Listening on /dev/initctl Compatibility Named Pipe.
         Starting Nameserver information manager...
[[0;32m  OK  [0m] Listening on udev Kernel Socket.
         Starting udev Coldplug all Devices...
[[0;32m  OK  [0m] Created slice system-serial\x2dgetty.slice.
         Starting Uncomplicated firewall...
[[0;32m  OK  [0m] Listening on Device-mapper event daemon FIFOs.
         Starting Monitoring of LVM2 mirrorsâ€¦ng dmeventd or progress polling...
         Starting Create list of required stâ€¦ce nodes for the current kernel...
[[0;32m  OK  [0m] Reached target Mounted snaps.
         Mounting Kernel Debug File System...
[[0;32m  OK  [0m] Created slice User and Session Slice.
[[0;32m  OK  [[    9.192122] Loading iSCSI transport class v2.0-870.
0m] Reached target Slices.
         Starting Journal Service...
[[0;32m  OK  [0m] Mounted Huge Pages File System.
[    9.205813] EXT4-fs (sda1): re-mounted. Opts: (null)
[[0;32m  OK  [0m] Mounted POSIX Message Queue File System.
[[0;32m  OK  [0m] Started Remount Root and Kernel File Systems.
[[0;32m  OK  [0m] Mounted Kernel Debug File System.
[    9.256093] iscsi: registered transport (tcp)
[    9.274504] iscsi: registered transport (iser)
         Starting Load/Save Random Seed...
[[0;32m  OK  [0m] Started Load Kernel Modules.
[[0;32m  OK  [0m] Started Uncomplicated firewall.
[[0;32m  OK  [0m] Started Create list of required staâ€¦vice nodes for the current kernel.
[[0;32m  OK  [0m] Started LVM2 metadata daemon.
         Starting Create Static Device Nodes in /dev...
         Mounting FUSE Control File System...
         Mounting Kernel Configuration File System...
         Starting Apply Kernel Variables...
[[0;32m  OK  [0m] Started Nameserver information manager.
[[0;32m  OK  [0m] Mounted FUSE Control File System.
[[0;32m  OK  [0m] Mounted Kernel Configuration File System.
[[0;32m  OK  [0m] Started Journal Service.
         Starting Flush Journal to Persistent Storage...
[[0;32m  OK  [0m] Started Load/Save Random Seed.
[[0;32m  OK  [0m] Started udev Coldplug all Devices.
[[0;32m  OK  [0m] Started Create Static Device Nodes in /dev.
         Starting udev Kernel Device Manager...
[[0;32m  OK  [0m] Started Monitoring of LVM2 mirrors,â€¦sing dmeventd or progress polling.
[[0;32m  OK  [0m] Started udev Kernel Device Manager.
[[0;32m  OK  [0m] Started Apply Kernel Variables.
[[0;32m  OK  [0m] Started Set the console keyboard layout.
[[0;32m  OK  [0m] Reached target Local File Systems (Pre).
[[0;32m  OK  [0m] Reached target Local File Systems.
         Starting ebtables ruleset management...
         Starting Tell Plymouth To Write Out Runtime Data...
         Starting AppArmor initialization...
         Starting Set console font and keymap...
[[0;32m  OK  [0m] Started Dispatch Password Requests to Console Directory Watch.
[[0;32m  OK  [0m] Reached target Local Encrypted Volumes.
[[0;32m  OK  [0m] Started Tell Plymouth To Write Out Runtime Data.
[[0;32m  OK  [0m] Started Set console font and keymap.
[[0;32m  OK  [0m] Started Flush Journal to Persistent Storage.
         Starting Create Volatile Files and Directories...
[[0;32m  OK  [0m] Started ebtables ruleset management.
[[0;32m  OK  [0m] Started Create Volatile Files and Directories.
         Starting Update UTMP about System Boot/Shutdown...
         Starting Network Name Resolution...
[[0;32m  OK  [0m] Started Update UTMP about System Boot/Shutdown.
[[0;32m  OK  [0m] Started Network Name Resolution.
[[0;32m  OK  [0m] Reached target Host and Network Name Lookups.
[[0;32m  OK  [0m] Started AppArmor initialization.
         Starting Load AppArmor profiles managed internally by snapd...
         Starting Initial cloud-init job (pre-networking)...
         Mounting Arbitrary Executable File Formats File System...
[[0;32m  OK  [0m] Found device /dev/ttyS0.
[[0;32m  OK  [0m] Mounted Arbitrary Executable File Formats File System.
[[0;32m  OK  [0m] Started Load AppArmor profiles managed internally by snapd.
[[0;32m  OK  [0m] Listening on Load/Save RF Kill Switch Status /dev/rfkill Watch.
[[0;32m  OK  [0m] Found device 82540EM Gigabit Ethernâ€¦ler (PRO/1000 MT Desktop Adapter).
[[0;32m  OK  [0m] Reached target Sound Card.
[   11.698763] cloud-init[566]: Cloud-init v. 23.1.2-0ubuntu0~18.04.1 running 'init-local' at Wed, 21 Jun 2023 08:11:22 +0000. Up 11.51 seconds.
[[0;32m  OK  [0m] Started Initial cloud-init job (pre-networking).
[[0;32m  OK  [0m] Reached target Network (Pre).
[[0;32m  OK  [0m] Started ifup for enp0s3.
         Starting Raise network interfaces...
         Starting Network Time Synchronization...
         Stopping Network Name Resolution...
         Starting Tell Plymouth To Write Out Runtime Data...
[[0;32m  OK  [0m] Started Tell Plymouth To Write Out Runtime Data.
[[0;32m  OK  [0m] Stopped Network Name Resolution.
         Starting Network Name Resolution...
[[0;32m  OK  [0m] Started Network Time Synchronization.
[[0;32m  OK  [0m] Started Network Name Resolution.
[[0;32m  OK  [0m] Started Raise network interfaces.
         Starting Initial cloud-init job (metadata service crawler)...
[[0;32m  OK  [0m] Reached target Network.
[   12.585300] cloud-init[971]: Cloud-init v. 23.1.2-0ubuntu0~18.04.1 running 'init' at Wed, 21 Jun 2023 08:11:22 +0000. Up 12.45 seconds.
[   12.590618] cloud-init[971]: ci-info: ++++++++++++++++++++++++++++++++++++++Net device info++++++++++++++++++++++++++++++++++++++
[   12.595716] cloud-init[971]: ci-info: +--------+------+----------------------------+---------------+--------+-------------------+
[   12.601051] cloud-init[971]: ci-info: | Device |  Up  |          Address           |      Mask     | Scope  |     Hw-Address    |
[   12.606198] cloud-init[971]: ci-info: +--------+------+----------------------------+---------------+--------+-------------------+
[   12.611207] cloud-init[971]: ci-info: | enp0s3 | True |         10.0.2.15          | 255.255.255.0 | global | 02:be:82:6b:cc:1d |
[   12.616188] cloud-init[971]: ci-info: | enp0s3 | True | fe80::be:82ff:fe6b:cc1d/64 |       .       |  link  | 02:be:82:6b:cc:1d |
[   12.621153] cloud-init[971]: ci-info: |   lo   | True |         127.0.0.1          |   255.0.0.0   |  host  |         .         |
[   12.626362] cloud-init[971]: ci-info: |   lo   | True |          ::1/128           |       .       |  host  |         .         |
[   12.631502] cloud-init[971]: ci-info: +--------+------+----------------------------+---------------+--------+-------------------+
[   12.636739] cloud-init[971]: ci-info: +++++++++++++++++++++++++++Route IPv4 info++++++++++++++++++++++++++++
[   12.641276] cloud-init[971]: ci-info: +-------+-------------+----------+---------------+-----------+-------+
[   12.645707] cloud-init[971]: ci-info: | Route | Destination | Gateway  |    Genmask    | Interface | Flags |
[   12.650018] cloud-init[971]: ci-info: +-------+-------------+----------+---------------+-----------+-------+
[   12.654379] cloud-init[971]: ci-info: |   0   |   0.0.0.0   | 10.0.2.2 |    0.0.0.0    |   enp0s3  |   UG  |
[   12.659512] cloud-init[971]: ci-info: |   1   |   10.0.2.0  | 0.0.0.0  | 255.255.255.0 |   enp0s3  |   U   |
[   12.664937] cloud-init[971]: ci-info: +-------+-------------+----------+---------------+-----------+-------+
[   12.667982] cloud-init[971]: ci-info: +++++++++++++++++++Route IPv6 info+++++++++++++++++++
[   12.670700] cloud-init[971]: ci-info: +-------+-------------+---------+-----------+-------+
[   12.673261] cloud-init[971]: ci-info: | Route | Destination | Gateway | Interface | Flags |
[   12.675717] cloud-init[971]: ci-info: +-------+-------------+---------+-----------+-------+
[   12.678190] cloud-init[971]: ci-info: |   1   |  fe80::/64  |    ::   |   enp0s3  |   U   |
[   12.680622] cloud-init[971]: ci-info: |   3   |   ff00::/8  |    ::   |   enp0s3  |   U   |
[   12.683052] cloud-init[971]: ci-info: +-------+-------------+---------+-----------+-------+
[[0;32m  OK  [0m] Started Initial cloud-init job (metadata service crawler).
[[0;32m  OK  [0m] Reached target Network is Online.
         Starting Availability of block devices...
[[0;32m  OK  [0m] Reached target Remote File Systems (Pre).
         Mounting /vagrant...
[[0;32m  OK  [0m] Reached target Cloud-config availability.
[[0;32m  OK  [0m] Reached target System Initialization.
         Starting LXD - unix socket.
[[0;32m  OK  [0m] Started Ubuntu Advantage Timer for running repeated jobs.
[[0;32m  OK  [0m] Started Daily apt download activities.
[[0;32m  OK  [0m] Listening on ACPID Listen Socket.
[[0;32m  OK  [0m] Listening on D-Bus System Message Bus Socket.
[[0;32m  OK  [0m] Started Message of the Day.
[[0;32m  OK  [0m] Listening on UUID daemon activation socket.
[[0;32m  OK  [0m] Listening on cloud-init hotplug hook socket.
[[0;32m  OK  [0m] Started Daily Cleanup of Temporary Directories.
         Starting Socket activation for snappy daemon.
[[0;32m  OK  [0m] Started Discard unused blocks once a week.
[[0;32m  OK  [0m] Started Daily apt upgrade and clean activities.
[[0;32m  OK  [0m] Reached target Timers.
[[0;32m  OK  [0m] Started ACPI Events Check.
[[0;32m  OK  [0m] Listening on Open-iSCSI iscsid Socket.
[[0;32m  OK  [0m] Started resolvconf-pull-resolved.path.
[[0;32m  OK  [0m] Reached target Paths.
[[0;32m  OK  [0m] Started Availability of block devices.
[[0;32m  OK  [0m] Mounted /vagrant.
[[0;32m  OK  [0m] Listening on LXD - unix socket.
[[0;32m  OK  [0m] Listening on Socket activation for snappy daemon.
[[0;32m  OK  [0m] Reached target Sockets.
[[0;32m  OK  [0m] Reached target Basic System.
         Starting Thermal Daemon Service...
         Starting Jenkins Continuous Integration Server...
         Starting Accounts Service...
         Starting LSB: Record successful boot for GRUB...
[[0;32m  OK  [0m] Started Regular background program processing daemon.
         Starting resolvconf-pull-resolved.service...
[[0;32m  OK  [0m] Started D-Bus System Message Bus.
[[0;32m  OK  [0m] Started Deferred execution scheduler.
         Starting OpenBSD Secure Shell server...
[[0;32m  OK  [0m] Started FUSE filesystem for LXC.
         Starting Login Service...
         Starting Dispatcher daemon for systemd-networkd...
[[0;32m  OK  [0m] Reached target Login Prompts (Pre).
         Starting Snap Daemon...
         Starting System Logging Service...
[[0;32m  OK  [0m] Started irqbalance daemon.
         Starting LXD - container startup/shutdown...
[[0;32m  OK  [0m] Reached target Remote File Systems.
         Starting LSB: automatic crash report generation...
         Starting Permit User Sessions...
[[0;32m  OK  [0m] Started System Logging Service.
[[0;32m  OK  [0m] Started Thermal Daemon Service.
[[0;32m  OK  [0m] Started resolvconf-pull-resolved.service.
[[0;32m  OK  [0m] Started OpenBSD Secure Shell server.
[[0;32m  OK  [0m] Started Permit User Sessions.
[[0;32m  OK  [0m] Started Login Service.
[[0;32m  OK  [0m] Started Unattended Upgrades Shutdown.
         Starting Hold until boot process finishes up...
         Starting Terminate Plymouth Boot Screen...
         Starting Authorization Manager...
[[0;32m  OK  [0m] Started Hold until boot process finishes up.
[[0;32m  OK  [0m] Started Terminate Plymouth Boot Screen.
         Starting Set console scheme...
[[0;32m  OK  [0m] Started Serial Getty on ttyS0.
[[0;32m  OK  [0m] Started Dispatcher daemon for systemd-networkd.
[[0;32m  OK  [0m] Started Authorization Manager.
[[0;32m  OK  [0m] Started Accounts Service.
[[0;32m  OK  [0m] Started Set console scheme.
[[0;32m  OK  [0m] Created slice system-getty.slice.
[[0;32m  OK  [0m] Started Getty on tty1.
[[0;32m  OK  [0m] Reached target Login Prompts.
[[0;32m  OK  [0m] Started LSB: automatic crash report generation.
[[0;32m  OK  [0m] Started LSB: Record successful boot for GRUB.
[[0;32m  OK  [0m] Started LXD - container startup/shutdown.
[[0;32m  OK  [0m] Started Snap Daemon.
         Starting Wait until snapd is fully seeded...
         Starting Time & Date Service...
[[0;32m  OK  [0m] Started Time & Date Service.
[[0;32m  OK  [0m] Started Wait until snapd is fully seeded.
         Starting Apply the settings specified in cloud-config...
[   14.948192] cloud-init[1515]: Cloud-init v. 23.1.2-0ubuntu0~18.04.1 running 'modules:config' at Wed, 21 Jun 2023 08:11:25 +0000. Up 14.73 seconds.
[[0;32m  OK  [0m] Started Apply the settings specified in cloud-config.
[[0;32m  OK  [0m] Created slice User Slice of vagrant.
         Starting User Manager for UID 1000...
[[0;32m  OK  [0m] Started Session 1 of user vagrant.
[[0;32m  OK  [0m] Started User Manager for UID 1000.

Ubuntu 18.04.6 LTS ubuntu-xenial ttyS0

ubuntu-xenial login: [   25.991692] cloud-init[2017]: Cloud-init v. 23.1.2-0ubuntu0~18.04.1 running 'modules:final' at Wed, 21 Jun 2023 08:11:36 +0000. Up 25.86 seconds.
[   25.992294] cloud-init[2017]: Cloud-init v. 23.1.2-0ubuntu0~18.04.1 finished at Wed, 21 Jun 2023 08:11:36 +0000. Datasource DataSourceNoCloud [seed=/dev/sdb][dsmode=net].  Up 25.98 seconds
